// Jest Snapshot v1, https://goo.gl/fbAQLP

exports[`should render Edit Expense 1`] = `
<div>
  <ExpenseForm
    expense={
      Object {
        "amount": 150,
        "createdAt": -345600000,
        "description": "Cream Soda",
        "id": "3",
        "note": "",
      }
    }
    onSubmit={[Function]}
  />
  <button
    onClick={[Function]}
  >
    Remove
  </button>
</div>
`;
