// Jest Snapshot v1, https://goo.gl/fbAQLP

exports[`should render dashboard page 1`] = `
<div>
  Expense Dashboard!
  <Connect(ExpenseListFilters) />
  <Connect(ExpenseList) />
</div>
`;
