// Jest Snapshot v1, https://goo.gl/fbAQLP

exports[`should render expense list no expense 1`] = `
<div>
  <p>
    No expenses
  </p>
</div>
`;

exports[`should render expense list with expenses 1`] = `
<div>
  <ExpenseListItem
    amount={15000}
    createdAt={0}
    description="Gum"
    id="1"
    key="1"
    note=""
  />
  <ExpenseListItem
    amount={350}
    createdAt={345600000}
    description="Peach juice"
    id="2"
    key="2"
    note=""
  />
  <ExpenseListItem
    amount={150}
    createdAt={-345600000}
    description="Cream Soda"
    id="3"
    key="3"
    note=""
  />
</div>
`;
